

================================================================
== Vivado HLS Report for 'Loop_batch_loop_proc'
================================================================
* Date:           Sat Mar 13 01:17:01 2021

* Version:        2017.2 (Build 1909853 on Thu Jun 15 18:55:24 MDT 2017)
* Project:        fc_proj
* Solution:       solution1
* Product family: virtexu
* Target device:  xcvu095-ffvc1517-2-e


================================================================
== Performance Estimates
================================================================
+ Timing (ns): 
    * Summary: 
    +--------+-------+----------+------------+
    |  Clock | Target| Estimated| Uncertainty|
    +--------+-------+----------+------------+
    |ap_clk  |   4.00|      3.50|        0.50|
    +--------+-------+----------+------------+

+ Latency (clock cycles): 
    * Summary: 
    +-----+------------+-----+------------+---------+
    |      Latency     |     Interval     | Pipeline|
    | min |     max    | min |     max    |   Type  |
    +-----+------------+-----+------------+---------+
    |   46|  9249792004|   46|  9249792004|   none  |
    +-----+------------+-----+------------+---------+

    + Detail: 
        * Instance: 
        N/A

        * Loop: 
        +----------------------------------------+-----+------------+-------------+-----------+-----------+-----------+----------+
        |                                        |      Latency     |  Iteration  |  Initiation Interval  |    Trip   |          |
        |                Loop Name               | min |     max    |   Latency   |  achieved |   target  |   Count   | Pipelined|
        +----------------------------------------+-----+------------+-------------+-----------+-----------+-----------+----------+
        |- batch_loop_output_node_iterator_loop  |   42|  9249792000| 42 ~ 225825 |          -|          -| 1 ~ 40960 |    no    |
        | + accumulate_weighted_sum              |   23|      225806|           24|          9|          1| 1 ~ 25088 |    yes   |
        +----------------------------------------+-----+------------+-------------+-----------+-----------+-----------+----------+



================================================================
== Utilization Estimates
================================================================
* Summary: 
+-----------------+---------+-------+---------+--------+
|       Name      | BRAM_18K| DSP48E|    FF   |   LUT  |
+-----------------+---------+-------+---------+--------+
|DSP              |        -|      -|        -|       -|
|Expression       |        -|      -|     1487|     998|
|FIFO             |        -|      -|        -|       -|
|Instance         |        -|     21|     1205|     652|
|Memory           |        -|      -|        -|       -|
|Multiplexer      |        -|      -|        -|     379|
|Register         |        -|      -|     1319|      32|
+-----------------+---------+-------+---------+--------+
|Total            |        0|     21|     4011|    2061|
+-----------------+---------+-------+---------+--------+
|Available        |     3456|    768|  1075200|  537600|
+-----------------+---------+-------+---------+--------+
|Utilization (%)  |        0|      2|    ~0   |   ~0   |
+-----------------+---------+-------+---------+--------+

+ Detail: 
    * Instance: 
    +--------------------------+----------------------+---------+-------+-----+-----+
    |         Instance         |        Module        | BRAM_18K| DSP48E|  FF | LUT |
    +--------------------------+----------------------+---------+-------+-----+-----+
    |fc_layer_fadd_32ncud_U11  |fc_layer_fadd_32ncud  |        0|      2|  324|  239|
    |fc_layer_fcmp_32neOg_U13  |fc_layer_fcmp_32neOg  |        0|      0|   66|   72|
    |fc_layer_fmul_32ndEe_U12  |fc_layer_fmul_32ndEe  |        0|      3|  151|  145|
    |fc_layer_mul_32nsfYi_U14  |fc_layer_mul_32nsfYi  |        0|      4|  166|   49|
    |fc_layer_mul_32s_g8j_U15  |fc_layer_mul_32s_g8j  |        0|      4|  166|   49|
    |fc_layer_mul_32s_g8j_U16  |fc_layer_mul_32s_g8j  |        0|      4|  166|   49|
    |fc_layer_mul_32s_g8j_U17  |fc_layer_mul_32s_g8j  |        0|      4|  166|   49|
    +--------------------------+----------------------+---------+-------+-----+-----+
    |Total                     |                      |        0|     21| 1205|  652|
    +--------------------------+----------------------+---------+-------+-----+-----+

    * DSP48: 
    N/A

    * Memory: 
    N/A

    * FIFO: 
    N/A

    * Expression: 
    +-----------------------------------+----------+-------+-----+----+------------+------------+
    |           Variable Name           | Operation| DSP48E|  FF | LUT| Bitwidth P0| Bitwidth P1|
    +-----------------------------------+----------+-------+-----+----+------------+------------+
    |b_fu_294_p2                        |     +    |      0|   98|  37|          31|           1|
    |grp_fu_233_p2                      |     +    |      0|  197|  70|          64|          64|
    |i_fu_373_p2                        |     +    |      0|   98|  37|          31|           1|
    |indvar_flatten_next_fu_280_p2      |     +    |      0|  197|  70|          64|           1|
    |o_fu_478_p2                        |     +    |      0|   98|  37|          31|           1|
    |tmp5_fu_260_p2                     |     +    |      0|  197|  70|          64|          64|
    |tmp6_fu_392_p2                     |     +    |      0|    0|  64|          64|          64|
    |tmp7_fu_383_p2                     |     +    |      0|  104|  39|          33|          33|
    |tmp8_fu_408_p2                     |     +    |      0|  104|  39|          33|          33|
    |tmp_11_i_i_mid2_fu_339_p2          |     +    |      0|  197|  70|          64|          64|
    |tmp_15_i_i_fu_317_p2               |     +    |      0|    0|  64|          64|          64|
    |tmp_24_i_i_fu_397_p2               |     +    |      0|    0|  64|          64|          64|
    |tmp_26_i_i_fu_417_p2               |     +    |      0|  197|  70|          64|          64|
    |tmp_fu_312_p2                      |     +    |      0|    0|  64|          64|          64|
    |ap_block_pp0_stage0_flag00011001   |    and   |      0|    0|   2|           1|           1|
    |ap_block_pp0_stage1_flag00011001   |    and   |      0|    0|   2|           1|           1|
    |ap_block_pp0_stage2_flag00011001   |    and   |      0|    0|   2|           1|           1|
    |ap_block_pp0_stage8_flag00011001   |    and   |      0|    0|   2|           1|           1|
    |ap_block_state16_io                |    and   |      0|    0|   2|           1|           1|
    |ap_block_state23_pp0_stage8_iter0  |    and   |      0|    0|   2|           1|           1|
    |ap_condition_477                   |    and   |      0|    0|   2|           1|           1|
    |ap_condition_499                   |    and   |      0|    0|   2|           1|           1|
    |tmp_5_fu_464_p2                    |    and   |      0|    0|   2|           1|           1|
    |exitcond_flatten_fu_275_p2         |   icmp   |      0|    0|  32|          64|          64|
    |notlhs_fu_446_p2                   |   icmp   |      0|    0|   4|           8|           2|
    |notrhs_fu_452_p2                   |   icmp   |      0|    0|  13|          23|           1|
    |tmp_12_i_i_fu_270_p2               |   icmp   |      0|    0|  16|          32|          32|
    |tmp_19_i_i_fu_368_p2               |   icmp   |      0|    0|  16|          32|          32|
    |ap_block_state1                    |    or    |      0|    0|   2|           1|           1|
    |ap_block_state46                   |    or    |      0|    0|   2|           1|           1|
    |tmp_3_fu_458_p2                    |    or    |      0|    0|   2|           1|           1|
    |o_i_i_mid2_fu_286_p3               |  select  |      0|    0|  31|           1|          31|
    |tmp_30_i_i_fu_470_p3               |  select  |      0|    0|  32|           1|          32|
    |tmp_9_i_i_cast_mid2_s_fu_300_p3    |  select  |      0|    0|  31|           1|          31|
    |ap_enable_pp0                      |    xor   |      0|    0|   2|           1|           2|
    |ap_enable_reg_pp0_iter1            |    xor   |      0|    0|   2|           1|           2|
    +-----------------------------------+----------+-------+-----+----+------------+------------+
    |Total                              |          |      0| 1487| 998|         911|         823|
    +-----------------------------------+----------+-------+-----+----+------------+------------+

    * Multiplexer: 
    +----------------------------------+-----+-----------+-----+-----------+
    |               Name               | LUT | Input Size| Bits| Total Bits|
    +----------------------------------+-----+-----------+-----+-----------+
    |ap_NS_fsm                         |  169|         38|    1|         38|
    |ap_done                           |    9|          2|    1|          2|
    |ap_enable_reg_pp0_iter1           |    9|          2|    1|          2|
    |ap_enable_reg_pp0_iter2           |    9|          2|    1|          2|
    |ap_sig_ioackin_m_axi_mem_ARREADY  |    9|          2|    1|          2|
    |ap_sig_ioackin_m_axi_mem_AWREADY  |    9|          2|    1|          2|
    |ap_sig_ioackin_m_axi_mem_WREADY   |    9|          2|    1|          2|
    |b_i_i_reg_174                     |    9|          2|   31|         62|
    |batch_size_blk_n                  |    9|          2|    1|          2|
    |i_i_i_phi_fu_211_p4               |    9|          2|   31|         62|
    |i_i_i_reg_207                     |    9|          2|   31|         62|
    |indvar_flatten_reg_163            |    9|          2|   64|        128|
    |m_axi_mem_ARADDR                  |   17|          4|   64|        256|
    |m_axi_mem_WDATA                   |   13|          3|   32|         96|
    |mem_blk_n_AR                      |    9|          2|    1|          2|
    |mem_blk_n_AW                      |    9|          2|    1|          2|
    |mem_blk_n_B                       |    9|          2|    1|          2|
    |mem_blk_n_R                       |    9|          2|    1|          2|
    |mem_blk_n_W                       |    9|          2|    1|          2|
    |num_inputs_blk_n                  |    9|          2|    1|          2|
    |num_outputs_blk_n                 |    9|          2|    1|          2|
    |o_i_i_reg_185                     |    9|          2|   31|         62|
    |tmp_18_i_i_reg_196                |    9|          2|   32|         64|
    +----------------------------------+-----+-----------+-----+-----------+
    |Total                             |  379|         85|  331|        858|
    +----------------------------------+-----+-----------+-----+-----------+

    * Register: 
    +----------------------------------+----+----+-----+-----------+
    |               Name               | FF | LUT| Bits| Const Bits|
    +----------------------------------+----+----+-----+-----------+
    |ap_CS_fsm                         |  37|   0|   37|          0|
    |ap_done_reg                       |   1|   0|    1|          0|
    |ap_enable_reg_pp0_iter0           |   1|   0|    1|          0|
    |ap_enable_reg_pp0_iter1           |   1|   0|    1|          0|
    |ap_enable_reg_pp0_iter2           |   1|   0|    1|          0|
    |ap_reg_ioackin_m_axi_mem_ARREADY  |   1|   0|    1|          0|
    |ap_reg_ioackin_m_axi_mem_AWREADY  |   1|   0|    1|          0|
    |ap_reg_ioackin_m_axi_mem_WREADY   |   1|   0|    1|          0|
    |b_i_i_reg_174                     |  31|   0|   31|          0|
    |batch_size_read_reg_483           |  32|   0|   32|          0|
    |bound_reg_538                     |  64|   0|   64|          0|
    |i_i_i_reg_207                     |  31|   0|   31|          0|
    |i_reg_614                         |  31|   0|   31|          0|
    |indvar_flatten_next_reg_546       |  64|   0|   64|          0|
    |indvar_flatten_reg_163            |  64|   0|   64|          0|
    |input_element_reg_631             |  32|   0|   32|          0|
    |mem_addr_1_reg_619                |  64|   0|   64|          0|
    |mem_addr_2_reg_625                |  64|   0|   64|          0|
    |mem_addr_reg_568                  |  64|   0|   64|          0|
    |num_inputs_read_reg_495           |  32|   0|   32|          0|
    |num_outputs_read_reg_488          |  32|   0|   32|          0|
    |o_i_i_mid2_reg_551                |  31|   0|   31|          0|
    |o_i_i_reg_185                     |  31|   0|   31|          0|
    |output_element_reg_595            |  32|   0|   32|          0|
    |reg_243                           |  64|   0|   64|          0|
    |tmp5_reg_533                      |  64|   0|   64|          0|
    |tmp_11_i_i_mid2_reg_585           |  64|   0|   64|          0|
    |tmp_11_i_i_mid2_v_v_reg_580       |  32|   0|   32|          0|
    |tmp_13_i_i_reg_563                |  31|   0|   64|         33|
    |tmp_17_i_i_cast_reg_605           |  33|   0|   33|          0|
    |tmp_18_i_i_reg_196                |  32|   0|   32|          0|
    |tmp_19_i_i_reg_610                |   1|   0|    1|          0|
    |tmp_27_i_i_reg_641                |  32|   0|   32|          0|
    |tmp_30_i_i_reg_651                |  32|   0|   32|          0|
    |tmp_9_i_i_cast_mid2_1_reg_574     |  31|   0|   32|          1|
    |tmp_9_i_i_cast_mid2_reg_600       |  33|   0|   33|          0|
    |tmp_9_i_i_cast_mid2_s_reg_557     |  31|   0|   31|          0|
    |weight_element_reg_636            |  32|   0|   32|          0|
    |tmp_19_i_i_reg_610                |  64|  32|    1|          0|
    +----------------------------------+----+----+-----+-----------+
    |Total                             |1319|  32| 1290|         34|
    +----------------------------------+----+----+-----+-----------+



================================================================
== Interface
================================================================
* Summary: 
+---------------------+-----+-----+------------+----------------------+--------------+
|      RTL Ports      | Dir | Bits|  Protocol  |     Source Object    |    C Type    |
+---------------------+-----+-----+------------+----------------------+--------------+
|ap_clk               |  in |    1| ap_ctrl_hs | Loop_batch_loop_proc | return value |
|ap_rst               |  in |    1| ap_ctrl_hs | Loop_batch_loop_proc | return value |
|ap_start             |  in |    1| ap_ctrl_hs | Loop_batch_loop_proc | return value |
|ap_done              | out |    1| ap_ctrl_hs | Loop_batch_loop_proc | return value |
|ap_continue          |  in |    1| ap_ctrl_hs | Loop_batch_loop_proc | return value |
|ap_idle              | out |    1| ap_ctrl_hs | Loop_batch_loop_proc | return value |
|ap_ready             | out |    1| ap_ctrl_hs | Loop_batch_loop_proc | return value |
|batch_size_dout      |  in |   32|   ap_fifo  |      batch_size      |    pointer   |
|batch_size_empty_n   |  in |    1|   ap_fifo  |      batch_size      |    pointer   |
|batch_size_read      | out |    1|   ap_fifo  |      batch_size      |    pointer   |
|num_outputs_dout     |  in |   32|   ap_fifo  |      num_outputs     |    pointer   |
|num_outputs_empty_n  |  in |    1|   ap_fifo  |      num_outputs     |    pointer   |
|num_outputs_read     | out |    1|   ap_fifo  |      num_outputs     |    pointer   |
|num_inputs_dout      |  in |   32|   ap_fifo  |      num_inputs      |    pointer   |
|num_inputs_empty_n   |  in |    1|   ap_fifo  |      num_inputs      |    pointer   |
|num_inputs_read      | out |    1|   ap_fifo  |      num_inputs      |    pointer   |
|p_read               |  in |   64|   ap_none  |        p_read        |    scalar    |
|m_axi_mem_AWVALID    | out |    1|    m_axi   |          mem         |    pointer   |
|m_axi_mem_AWREADY    |  in |    1|    m_axi   |          mem         |    pointer   |
|m_axi_mem_AWADDR     | out |   64|    m_axi   |          mem         |    pointer   |
|m_axi_mem_AWID       | out |    1|    m_axi   |          mem         |    pointer   |
|m_axi_mem_AWLEN      | out |   32|    m_axi   |          mem         |    pointer   |
|m_axi_mem_AWSIZE     | out |    3|    m_axi   |          mem         |    pointer   |
|m_axi_mem_AWBURST    | out |    2|    m_axi   |          mem         |    pointer   |
|m_axi_mem_AWLOCK     | out |    2|    m_axi   |          mem         |    pointer   |
|m_axi_mem_AWCACHE    | out |    4|    m_axi   |          mem         |    pointer   |
|m_axi_mem_AWPROT     | out |    3|    m_axi   |          mem         |    pointer   |
|m_axi_mem_AWQOS      | out |    4|    m_axi   |          mem         |    pointer   |
|m_axi_mem_AWREGION   | out |    4|    m_axi   |          mem         |    pointer   |
|m_axi_mem_AWUSER     | out |    1|    m_axi   |          mem         |    pointer   |
|m_axi_mem_WVALID     | out |    1|    m_axi   |          mem         |    pointer   |
|m_axi_mem_WREADY     |  in |    1|    m_axi   |          mem         |    pointer   |
|m_axi_mem_WDATA      | out |   32|    m_axi   |          mem         |    pointer   |
|m_axi_mem_WSTRB      | out |    4|    m_axi   |          mem         |    pointer   |
|m_axi_mem_WLAST      | out |    1|    m_axi   |          mem         |    pointer   |
|m_axi_mem_WID        | out |    1|    m_axi   |          mem         |    pointer   |
|m_axi_mem_WUSER      | out |    1|    m_axi   |          mem         |    pointer   |
|m_axi_mem_ARVALID    | out |    1|    m_axi   |          mem         |    pointer   |
|m_axi_mem_ARREADY    |  in |    1|    m_axi   |          mem         |    pointer   |
|m_axi_mem_ARADDR     | out |   64|    m_axi   |          mem         |    pointer   |
|m_axi_mem_ARID       | out |    1|    m_axi   |          mem         |    pointer   |
|m_axi_mem_ARLEN      | out |   32|    m_axi   |          mem         |    pointer   |
|m_axi_mem_ARSIZE     | out |    3|    m_axi   |          mem         |    pointer   |
|m_axi_mem_ARBURST    | out |    2|    m_axi   |          mem         |    pointer   |
|m_axi_mem_ARLOCK     | out |    2|    m_axi   |          mem         |    pointer   |
|m_axi_mem_ARCACHE    | out |    4|    m_axi   |          mem         |    pointer   |
|m_axi_mem_ARPROT     | out |    3|    m_axi   |          mem         |    pointer   |
|m_axi_mem_ARQOS      | out |    4|    m_axi   |          mem         |    pointer   |
|m_axi_mem_ARREGION   | out |    4|    m_axi   |          mem         |    pointer   |
|m_axi_mem_ARUSER     | out |    1|    m_axi   |          mem         |    pointer   |
|m_axi_mem_RVALID     |  in |    1|    m_axi   |          mem         |    pointer   |
|m_axi_mem_RREADY     | out |    1|    m_axi   |          mem         |    pointer   |
|m_axi_mem_RDATA      |  in |   32|    m_axi   |          mem         |    pointer   |
|m_axi_mem_RLAST      |  in |    1|    m_axi   |          mem         |    pointer   |
|m_axi_mem_RID        |  in |    1|    m_axi   |          mem         |    pointer   |
|m_axi_mem_RUSER      |  in |    1|    m_axi   |          mem         |    pointer   |
|m_axi_mem_RRESP      |  in |    2|    m_axi   |          mem         |    pointer   |
|m_axi_mem_BVALID     |  in |    1|    m_axi   |          mem         |    pointer   |
|m_axi_mem_BREADY     | out |    1|    m_axi   |          mem         |    pointer   |
|m_axi_mem_BRESP      |  in |    2|    m_axi   |          mem         |    pointer   |
|m_axi_mem_BID        |  in |    1|    m_axi   |          mem         |    pointer   |
|m_axi_mem_BUSER      |  in |    1|    m_axi   |          mem         |    pointer   |
|p_read1              |  in |    1|   ap_none  |        p_read1       |    scalar    |
|p_read2              |  in |   64|   ap_none  |        p_read2       |    scalar    |
|p_read3              |  in |   64|   ap_none  |        p_read3       |    scalar    |
|p_read4              |  in |   64|   ap_none  |        p_read4       |    scalar    |
+---------------------+-----+-----+------------+----------------------+--------------+

